// Jest Snapshot v1, https://goo.gl/fbAQLP

exports[`PhotoHobby component Snapshot renders the UI as expected 1`] = `
<div
  className="bg-color margin"
>
  <div
    className="flexRow"
  >
    <div
      className="item"
    >
      <a
        className="picture"
        href="https://lfuen.github.io/portimages/greatFalls.jpeg"
        rel="noreferrer"
        target="_blank"
        title="Great Falls"
      >
        <img
          alt="Great Falls"
          src="https://lfuen.github.io/portimages/greatFalls.jpeg"
          width="400"
        />
      </a>
    </div>
    <div
      className="item"
    >
      <a
        className="picture"
        href="https://lfuen.github.io/portimages/reflection.jpeg"
        rel="noreferrer"
        target="_blank"
        title="Reflection"
      >
        <img
          alt="Reflection"
          src="https://lfuen.github.io/portimages/reflection.jpeg"
          width="400"
        />
      </a>
    </div>
    <div
      className="item"
    >
      <a
        className="picture"
        href="https://lfuen.github.io/portimages/road.jpeg"
        rel="noreferrer"
        target="_blank"
        title="Sherrill Drive"
      >
        <img
          alt="Sherrill Drive"
          src="https://lfuen.github.io/portimages/road.jpeg"
          width="400"
        />
      </a>
    </div>
    <div
      className="item"
    >
      <a
        className="picture"
        href="https://lfuen.github.io/portimages/waterfall.jpeg"
        rel="noreferrer"
        target="_blank"
        title="Cunningham Falls"
      >
        <img
          alt="Cunningham Falls"
          src="https://lfuen.github.io/portimages/waterfall.jpeg"
          width="400"
        />
      </a>
    </div>
    <div
      className="item"
    >
      <a
        className="picture"
        href="https://lfuen.github.io/portimages/stream.jpeg"
        rel="noreferrer"
        target="_blank"
        title="Pinehurst Branch"
      >
        <img
          alt="Pinehurst Branch"
          src="https://lfuen.github.io/portimages/stream.jpeg"
          width="400"
        />
      </a>
    </div>
  </div>
</div>
`;
