// Jest Snapshot v1, https://goo.gl/fbAQLP

exports[`Contact component Snapshot renders the UI as expected 1`] = `
<div
  className="App"
>
  <article
    className="margin"
  >
    <h1
      id="Contact"
    >
      Contact
    </h1>
    <div>
      <p>
        You can find links to my profile(s) and E-Mail below:
      </p>
      <div
        className="bg-color"
      >
        <p>
          <a
            href="https://www.linkedin.com/in/lilifuentes/"
            rel="noreferrer"
            target="_blank"
          >
            <span
              title="Lili Fuentes on LinkedIn"
            >
              <img
                alt="LinkedIn"
                className="regSize"
                src="https://lfuen.github.io/portimages/linkedIn-1.png"
              />
            </span>
          </a>
        </p>
        <p>
          <a
            href="https://www.github.com/LFuen"
            rel="noreferrer"
            target="_blank"
          >
            <span
              title="Lili Fuentes on GitHub"
            >
              <img
                alt="GitHub"
                className="regSize"
                src="https://lfuen.github.io/portimages/github-1.png"
              />
            </span>
          </a>
        </p>
        <p>
          <a
            href="https://www.instagram.com/lilifuen"
            rel="noreferrer"
            target="_blank"
          >
            <span
              title="Lili Fuentes on Instagram"
            >
              <img
                alt="Instagram"
                className="regSize"
                src="https://lfuen.github.io/portimages/theGram-1.png"
              />
            </span>
          </a>
        </p>
        <p>
          <a
            href="mailto:lile7886@gmail.com"
            rel="noreferrer"
            target="_blank"
          >
            <span
              title="LilE7886@GMail.com"
            >
              <img
                alt="E-Mail"
                className="regSize"
                src="https://lfuen.github.io/portimages/email-1.png"
              />
            </span>
          </a>
        </p>
      </div>
    </div>
  </article>
</div>
`;
