// Jest Snapshot v1, https://goo.gl/fbAQLP

exports[`Inquiries component Snapshot renders the UI as expected 1`] = `
<div
  className="App"
>
  <article
    className="margin"
  >
    <h1
      id="Inquiries"
    >
      Inquiries
    </h1>
    <div
      className="bg-color"
    >
      <form
        action="https://formspree.io/lile7886@gmail.com"
        method="post"
      >
        <fieldset>
          <legend>
            E-Mail Me
          </legend>
          <label
            htmlFor="user-name"
          >
            Name:
          </label>
          <input
            className="neumorphic neumorphic--inset pressed"
            id="user-name"
            name="name"
            placeholder="Name"
            type="text"
          />
          <label
            htmlFor="email"
          >
            E-Mail:
          </label>
          <input
            className="neumorphic neumorphic--inset pressed"
            id="email"
            name="email"
            placeholder="E-Mail"
            required={true}
            type="text"
          />
          <label
            htmlFor="email-message"
          >
            Questions? Comments? Requests?
          </label>
          <textarea
            className="neumorphic neumorphic--inset pressed"
            cols="30"
            id="email-message"
            name="message"
            placeholder="How may I help you?"
            rows="10"
          />
          <button
            type="submit"
          >
            Submit
          </button>
        </fieldset>
      </form>
    </div>
  </article>
</div>
`;
