// Jest Snapshot v1, https://goo.gl/fbAQLP

exports[`Snapshot Snapshot renders the UI as expected 1`] = `
<nav
  className="navigation"
>
  <a
    aria-current={null}
    className="link"
    href="/Portfolio"
    onClick={[Function]}
  >
    Welcome
  </a>
  <a
    aria-current={null}
    className="link"
    href="/About"
    onClick={[Function]}
  >
    About
  </a>
  <a
    aria-current={null}
    className="link"
    href="/Projects"
    onClick={[Function]}
  >
    Projects
  </a>
  <a
    aria-current={null}
    className="link"
    href="/Contact"
    onClick={[Function]}
  >
    Contact
  </a>
  <a
    aria-current={null}
    className="link"
    href="/Inquiries"
    onClick={[Function]}
  >
    Inquiries
  </a>
</nav>
`;
